{
  "sourceFiles": 164,
  "verifiedGlosses": 853,
  "notesAdded": 1000,
  "reusedUnique": 459,
  "unresolvedUniqueBeforeRerun": 445,
  "unresolvedSample": [
    "acceptable",
    "access",
    "accusation",
    "acting",
    "additional",
    "adjusted",
    "adult",
    "aids",
    "air",
    "akari",
    "allowing",
    "announcements",
    "answer",
    "aoi",
    "appearance",
    "approach",
    "approving",
    "areas",
    "arrange",
    "arrive",
    "assignments",
    "attached",
    "attend",
    "attendance",
    "attended",
    "attractive",
    "availability",
    "average",
    "averaged",
    "avoided",
    "aya",
    "background",
    "backup",
    "baker",
    "balanced",
    "bar",
    "bars",
    "basket",
    "basketball",
    "beach",
    "beginning",
    "begins",
    "between",
    "block",
    "blocking",
    "boxes",
    "briefly",
    "broadcasting",
    "broader",
    "budget",
    "button",
    "calendar",
    "calling",
    "cancelled",
    "cancelling",
    "capacities",
    "careless",
    "cart",
    "cashier",
    "cast",
    "categories",
    "category",
    "caught",
    "checkout",
    "cheerful",
    "chosen",
    "claiming",
    "classrooms",
    "cleaners",
    "clip",
    "clue",
    "clues",
    "collection",
    "column",
    "comfortably",
    "comments",
    "common",
    "comparison",
    "completion",
    "concentration",
    "concern",
    "conclusions",
    "condition",
    "confirming",
    "conflict",
    "confuse",
    "confused",
    "confusion",
    "consistently",
    "contact",
    "containers",
    "correction",
    "counter",
    "courtyard",
    "cover",
    "craft",
    "crop",
    "crops",
    "crowd",
    "crowding",
    "customer",
    "customers",
    "daiki",
    "dance",
    "dangerous",
    "data",
    "decision",
    "delivered",
    "delivery",
    "demand",
    "departure",
    "depend",
    "descriptions",
    "despite",
    "dessert",
    "different",
    "difficulty",
    "digital",
    "direct",
    "directed",
    "directions",
    "disappeared",
    "discovered",
    "dish",
    "disliked",
    "disorganized",
    "displayed",
    "disruptions",
    "distant",
    "donated",
    "donating",
    "done",
    "doorway",
    "dot",
    "doubled",
    "drier",
    "dropped",
    "easiest",
    "easy",
    "echo",
    "editor",
    "effect",
    "effectively",
    "eggs",
    "elsewhere",
    "emi",
    "enough",
    "environmental",
    "especially",
    "estimate",
    "estimated",
    "estimating",
    "events",
    "everywhere",
    "exact",
    "examined",
    "exhibition",
    "existing",
    "exits",
    "extending",
    "facing",
    "familiar",
    "fell",
    "fence",
    "fifty",
    "filled",
    "filling",
    "find",
    "finish",
    "fire",
    "fitting",
    "flexible",
    "focused",
    "folders",
    "force",
    "forcing",
    "format",
    "forms",
    "fresh",
    "fruit",
    "fully",
    "gained",
    "grade",
    "ground",
    "guesses",
    "halls",
    "handle",
    "happen",
    "harbor",
    "haruto",
    "harvest",
    "held",
    "hide",
    "hina",
    "historical",
    "ice",
    "icy",
    "identify",
    "ignored",
    "impression"
  ]
}
